[+] Containers:
 |- [+] Container: /Game/Battle_Level
 |   |- [+] ActorDescs:
 |   |   |- Guid:18F5606A157B3CC1A5AB1760F1BA8C2B NativeClass:/Script/Engine.WorldDataLayers Name:WorldDataLayers Label:WorldDataLayers SpatiallyLoaded:false EditorBounds:IsValid=false, Min=(X=0.000 Y=0.000 Z=0.000), Max=(X=0.000 Y=0.000 Z=0.000) RuntimeBounds:IsValid=false, Min=(X=0.000 Y=0.000 Z=0.000), Max=(X=0.000 Y=0.000 Z=0.000) RuntimeGrid:None EditorOnly:false RuntimeOnly:false HLODRelevant:false ListedInSceneOutliner:true IsMainWorldOnly:true
 |   |   |- Guid:2C6D3909B80B34978B692A3BAD008A77 NativeClass:/Script/Engine.TextRenderActor Name:TextRenderActor_1 Label:TextRenderActor SpatiallyLoaded:true EditorBounds:IsValid=true, Min=(X=-128.100 Y=972.000 Z=12.013), Max=(X=127.900 Y=2392.308 Z=268.013) RuntimeBounds:IsValid=true, Min=(X=-0.100 Y=1100.000 Z=65.013), Max=(X=-0.100 Y=2392.308 Z=215.013) RuntimeGrid:None EditorOnly:false RuntimeOnly:false HLODRelevant:false ListedInSceneOutliner:true IsMainWorldOnly:false
 |   |   |- Guid:341DCED6F01F3AE59C4975A5EA24F283 NativeClass:/Script/Engine.ExponentialHeightFog Name:ExponentialHeightFog_0 Label:ExponentialHeightFog SpatiallyLoaded:false EditorBounds:IsValid=true, Min=(X=-5728.000 Y=-178.000 Z=-6978.000), Max=(X=-5472.000 Y=78.000 Z=-6722.000) RuntimeBounds:IsValid=true, Min=(X=-5600.000 Y=-50.000 Z=-6850.000), Max=(X=-5600.000 Y=-50.000 Z=-6850.000) RuntimeGrid:None EditorOnly:false RuntimeOnly:false HLODRelevant:false ListedInSceneOutliner:true IsMainWorldOnly:false FolderPath:Lighting FolderGuid:963EC3EB4002CCE9759E2EBA541A873A
 |   |   |- Guid:3696D87BA4263719880F9BA9E4B89CCE NativeClass:/Script/Engine.SkyAtmosphere Name:SkyAtmosphere_0 Label:SkyAtmosphere SpatiallyLoaded:false EditorBounds:IsValid=true, Min=(X=-128.000 Y=-128.000 Z=892.000), Max=(X=240.000 Y=128.000 Z=1148.000) RuntimeBounds:IsValid=true, Min=(X=0.000 Y=0.000 Z=1020.000), Max=(X=0.000 Y=0.000 Z=1020.000) RuntimeGrid:None EditorOnly:false RuntimeOnly:false HLODRelevant:false ListedInSceneOutliner:true IsMainWorldOnly:false FolderPath:Lighting FolderGuid:963EC3EB4002CCE9759E2EBA541A873A
 |   |   |- Guid:37EC94BC42583FE8A549A6F1804D64EF BaseClass:/Game/Blueprints/BP_Companion.BP_Companion_C NativeClass:/Script/Engine.Character Name:BP_Companion_C_UAID_74563C09A88A6E5002_2007358335 Label:BP_Companion2 SpatiallyLoaded:true EditorBounds:IsValid=true, Min=(X=639.476 Y=745.000 Z=-0.142), Max=(X=1320.000 Y=905.000 Z=195.000) RuntimeBounds:IsValid=true, Min=(X=1046.000 Y=791.000 Z=-0.142), Max=(X=1117.583 Y=859.000 Z=195.000) RuntimeGrid:None EditorOnly:false RuntimeOnly:false HLODRelevant:false ListedInSceneOutliner:true IsMainWorldOnly:false
 |   |   |- Guid:5A5DCD9238E7385B99BB44B2FCBADB5C BaseClass:/Game/Blueprints/BP_Companion.BP_Companion_C NativeClass:/Script/Engine.Character Name:BP_Companion_C_UAID_74563C09A88A334E02_1554931843 Label:BP_Companion1 SpatiallyLoaded:true EditorBounds:IsValid=true, Min=(X=889.476 Y=490.000 Z=-1.196), Max=(X=1570.000 Y=650.000 Z=226.779) RuntimeBounds:IsValid=true, Min=(X=1276.771 Y=529.030 Z=-1.196), Max=(X=1383.846 Y=619.563 Z=226.779) RuntimeGrid:None EditorOnly:false RuntimeOnly:false HLODRelevant:false ListedInSceneOutliner:true IsMainWorldOnly:false
 |   |   |- Guid:606768234E0339A526F187A7E61B3C56 BaseClass:/Game/Blueprints/BP_Enemy.BP_Enemy_C NativeClass:/Script/Engine.Character Name:BP_Enemy_C_UAID_74563C09A88ACA6102_1292809483 Label:BP_Enemy3 SpatiallyLoaded:true EditorBounds:IsValid=true, Min=(X=1646.000 Y=1020.000 Z=-142.000), Max=(X=2479.476 Y=1570.000 Z=568.000) RuntimeBounds:IsValid=true, Min=(X=1646.000 Y=1020.000 Z=-142.000), Max=(X=1761.500 Y=1570.000 Z=568.000) RuntimeGrid:None EditorOnly:false RuntimeOnly:false HLODRelevant:false ListedInSceneOutliner:true IsMainWorldOnly:false
 |   |   |- Guid:64A204A54CACE9D6520115B0C5F658E7 NativeClass:/Script/Foliage.InstancedFoliageActor Name:InstancedFoliageActor_25600_-1_0_0 Label:InstancedFoliageActor_-1_0_0 SpatiallyLoaded:true EditorBounds:IsValid=true, Min=(X=-25600.000 Y=0.000 Z=0.000), Max=(X=0.000 Y=25600.000 Z=25600.000) RuntimeBounds:IsValid=true, Min=(X=-367.596 Y=48.126 Z=21.338), Max=(X=114.330 Y=3909.881 Z=479.130) RuntimeGrid:None EditorOnly:false RuntimeOnly:false HLODRelevant:true ListedInSceneOutliner:true IsMainWorldOnly:false
 |   |   |- Guid:6CF4CDDC40B3AD382B1C2DA63A427128 BaseClass:/Game/Blueprints/BP_Enemy.BP_Enemy_C NativeClass:/Script/Engine.Character Name:BP_Enemy_C_UAID_74563C09A88ACA6102_1291753482 Label:BP_Enemy2 SpatiallyLoaded:true EditorBounds:IsValid=true, Min=(X=1636.000 Y=570.000 Z=-142.000), Max=(X=2469.476 Y=1120.000 Z=568.000) RuntimeBounds:IsValid=true, Min=(X=1636.000 Y=570.000 Z=-142.000), Max=(X=1751.500 Y=1120.000 Z=568.000) RuntimeGrid:None EditorOnly:false RuntimeOnly:false HLODRelevant:false ListedInSceneOutliner:true IsMainWorldOnly:false
 |   |   |- Guid:755085E8472BD85CA66CE68980F6398D NativeClass:/Script/Foliage.InstancedFoliageActor Name:InstancedFoliageActor_25600_0_-1_0 Label:InstancedFoliageActor_0_-1_0 SpatiallyLoaded:true EditorBounds:IsValid=true, Min=(X=0.000 Y=-25600.000 Z=0.000), Max=(X=25600.000 Y=0.000 Z=25600.000) RuntimeBounds:IsValid=true, Min=(X=-52.538 Y=-2036.337 Z=20.714), Max=(X=4930.977 Y=140.874 Z=628.434) RuntimeGrid:None EditorOnly:false RuntimeOnly:false HLODRelevant:true ListedInSceneOutliner:true IsMainWorldOnly:false
 |   |   |- Guid:775E925542152E992E7AB086D7F8CE73 NativeClass:/Script/Engine.TargetPoint Name:TargetPoint_UAID_74563C09A88A115102_1821985024 Label:CenterTargetPoint SpatiallyLoaded:true EditorBounds:IsValid=true, Min=(X=1372.000 Y=872.000 Z=-38.000), Max=(X=1628.000 Y=1128.000 Z=218.000) RuntimeBounds:IsValid=true, Min=(X=1500.000 Y=1000.000 Z=90.000), Max=(X=1500.000 Y=1000.000 Z=90.000) RuntimeGrid:None EditorOnly:false RuntimeOnly:false HLODRelevant:false ListedInSceneOutliner:true IsMainWorldOnly:false
 |   |   |- Guid:82A738E44FFFA33F70402BB7A7448BC5 NativeClass:/Script/Engine.PostProcessVolume Name:PostProcessVolume_UAID_74563C09A88A376D02_1754730279 Label:PostProcessVolume SpatiallyLoaded:false EditorBounds:IsValid=true, Min=(X=-110.000 Y=-920.000 Z=350.000), Max=(X=90.000 Y=-720.000 Z=550.000) RuntimeBounds:IsValid=true, Min=(X=-110.000 Y=-920.000 Z=350.000), Max=(X=90.000 Y=-720.000 Z=550.000) RuntimeGrid:None EditorOnly:false RuntimeOnly:false HLODRelevant:false ListedInSceneOutliner:true IsMainWorldOnly:false FolderPath:Lighting FolderGuid:963EC3EB4002CCE9759E2EBA541A873A
 |   |   |- Guid:99AEB1C0AB443F9FBC0D600987D3AB36 NativeClass:/Script/Engine.SkyLight Name:SkyLight_1 Label:SkyLight SpatiallyLoaded:false EditorBounds:IsValid=true, Min=(X=-1.000 Y=-1.000 Z=-1.000), Max=(X=1.000 Y=1.000 Z=690.000) RuntimeBounds:IsValid=true, Min=(X=0.000 Y=0.000 Z=690.000), Max=(X=0.000 Y=0.000 Z=690.000) RuntimeGrid:None EditorOnly:false RuntimeOnly:false HLODRelevant:false ListedInSceneOutliner:true IsMainWorldOnly:false FolderPath:Lighting FolderGuid:963EC3EB4002CCE9759E2EBA541A873A
 |   |   |- Guid:A17341E71ECA3DA9A8F0BAE616BA66EA NativeClass:/Script/Engine.VolumetricCloud Name:VolumetricCloud_0 Label:VolumetricCloud SpatiallyLoaded:false EditorBounds:IsValid=true, Min=(X=-128.000 Y=-128.000 Z=692.000), Max=(X=128.000 Y=128.000 Z=948.000) RuntimeBounds:IsValid=true, Min=(X=0.000 Y=0.000 Z=820.000), Max=(X=0.000 Y=0.000 Z=820.000) RuntimeGrid:None EditorOnly:false RuntimeOnly:false HLODRelevant:false ListedInSceneOutliner:true IsMainWorldOnly:false FolderPath:Lighting FolderGuid:963EC3EB4002CCE9759E2EBA541A873A
 |   |   |- Guid:A8B16B86F5063B9DBB7D1B19D555CE79 NativeClass:/Script/Engine.StaticMeshActor Name:StaticMeshActor_1 Label:SM_Cube SpatiallyLoaded:true EditorBounds:IsValid=true, Min=(X=-260.000 Y=-1870.000 Z=-50.000), Max=(X=4797.150 Y=4030.000 Z=20.714) RuntimeBounds:IsValid=true, Min=(X=-260.000 Y=-1870.000 Z=-50.000), Max=(X=4797.150 Y=4030.000 Z=20.714) RuntimeGrid:None EditorOnly:false RuntimeOnly:false HLODRelevant:true ListedInSceneOutliner:true IsMainWorldOnly:false FolderPath:Playground FolderGuid:C73F09FC4215536B1DCE2A9E0A830C70
 |   |   |- Guid:AFD6F78B6D223A029A18C247E82DC5D6 NativeClass:/Script/Engine.DirectionalLight Name:DirectionalLight_0 Label:DirectionalLight SpatiallyLoaded:false EditorBounds:IsValid=false, Min=(X=0.000 Y=0.000 Z=0.000), Max=(X=0.000 Y=0.000 Z=0.000) RuntimeBounds:IsValid=false, Min=(X=0.000 Y=0.000 Z=0.000), Max=(X=0.000 Y=0.000 Z=0.000) RuntimeGrid:None EditorOnly:false RuntimeOnly:false HLODRelevant:false ListedInSceneOutliner:true IsMainWorldOnly:false FolderPath:Lighting FolderGuid:963EC3EB4002CCE9759E2EBA541A873A
 |   |   |- Guid:C468C394D2623CFD9447F6C0625BD03D NativeClass:/Script/NavigationSystem.RecastNavMesh Name:RecastNavMesh_UAID_74563C09A88A304E02-Default Label:RecastNavMesh-Default SpatiallyLoaded:false EditorBounds:IsValid=true, Min=(X=0.000 Y=0.000 Z=0.000), Max=(X=0.000 Y=0.000 Z=0.000) RuntimeBounds:IsValid=true, Min=(X=0.000 Y=0.000 Z=0.000), Max=(X=0.000 Y=0.000 Z=0.000) RuntimeGrid:None EditorOnly:false RuntimeOnly:false HLODRelevant:false ListedInSceneOutliner:true IsMainWorldOnly:false
 |   |   |- Guid:C4B58983F9EE3471BCDAAFFEFD134355 NativeClass:/Script/Engine.PlayerStart Name:PlayerStart_0 Label:PlayerStart SpatiallyLoaded:false EditorBounds:IsValid=true, Min=(X=902.000 Y=1037.000 Z=-28.000), Max=(X=1270.000 Y=1293.000 Z=228.000) RuntimeBounds:IsValid=true, Min=(X=990.000 Y=1125.000 Z=8.000), Max=(X=1070.000 Y=1205.000 Z=192.000) RuntimeGrid:None EditorOnly:false RuntimeOnly:false HLODRelevant:false ListedInSceneOutliner:true IsMainWorldOnly:false
 |   |   |- Guid:C6BC68AC4D7923BDC69782A3B1BFD6E0 BaseClass:/Game/Blueprints/BP_Enemy.BP_Enemy_C NativeClass:/Script/Engine.Character Name:BP_Enemy_C_UAID_74563C09A88AC96102_1180777303 Label:BP_Enemy SpatiallyLoaded:true EditorBounds:IsValid=true, Min=(X=1626.000 Y=790.000 Z=-142.000), Max=(X=2459.476 Y=1340.000 Z=568.000) RuntimeBounds:IsValid=true, Min=(X=1626.000 Y=790.000 Z=-142.000), Max=(X=1741.500 Y=1340.000 Z=568.000) RuntimeGrid:None EditorOnly:false RuntimeOnly:false HLODRelevant:false ListedInSceneOutliner:true IsMainWorldOnly:false
 |   |   |- Guid:D146EA4D4EAEFA7E08891CA2A6B5370C NativeClass:/Script/Foliage.InstancedFoliageActor Name:InstancedFoliageActor_25600_0_0_0 Label:InstancedFoliageActor_0_0_0 SpatiallyLoaded:true EditorBounds:IsValid=true, Min=(X=0.000 Y=0.000 Z=0.000), Max=(X=25600.000 Y=25600.000 Z=25600.000) RuntimeBounds:IsValid=true, Min=(X=-67.250 Y=-113.326 Z=20.714), Max=(X=5039.757 Y=4215.377 Z=651.612) RuntimeGrid:None EditorOnly:false RuntimeOnly:false HLODRelevant:true ListedInSceneOutliner:true IsMainWorldOnly:false
 |   |   |- Guid:DA05798A465D689C1FA47AA91156164C NativeClass:/Script/CinematicCamera.CineCameraActor Name:CineCameraActor_UAID_74563C09A88A705602_1690793023 Label:kamera SpatiallyLoaded:false EditorBounds:IsValid=true, Min=(X=-970.000 Y=-20.000 Z=-640.000), Max=(X=1050.000 Y=2000.000 Z=1380.000) RuntimeBounds:IsValid=true, Min=(X=40.000 Y=990.000 Z=370.000), Max=(X=40.000 Y=990.000 Z=370.000) RuntimeGrid:None EditorOnly:false RuntimeOnly:false HLODRelevant:false ListedInSceneOutliner:true IsMainWorldOnly:false
 |   |   |- Guid:DA79EE7FE5DD3F08ABAF216677C5E713 NativeClass:/Script/NavigationSystem.NavMeshBoundsVolume Name:NavMeshBoundsVolume_UAID_74563C09A88A304E02_1636156312 Label:NavMeshBoundsVolume SpatiallyLoaded:false EditorBounds:IsValid=true, Min=(X=-100.000 Y=-30.000 Z=-90.000), Max=(X=3100.000 Y=3570.000 Z=10.000) RuntimeBounds:IsValid=true, Min=(X=-100.000 Y=-30.000 Z=-90.000), Max=(X=3100.000 Y=3570.000 Z=10.000) RuntimeGrid:None EditorOnly:false RuntimeOnly:false HLODRelevant:false ListedInSceneOutliner:true IsMainWorldOnly:false
 |   |   |- Guid:DD09A6DC127B3B00B8F968965730CF76 BaseClass:/Game/Blueprints/BP_Companion.BP_Companion_C NativeClass:/Script/Engine.Character Name:BP_Companion_C_UAID_74563C09A88A715002_1674103864 Label:BP_Companion0 SpatiallyLoaded:true EditorBounds:IsValid=true, Min=(X=809.476 Y=1370.000 Z=-3.076), Max=(X=1490.000 Y=1530.000 Z=240.529) RuntimeBounds:IsValid=true, Min=(X=1201.921 Y=1412.506 Z=-3.076), Max=(X=1305.231 Y=1495.881 Z=240.529) RuntimeGrid:None EditorOnly:false RuntimeOnly:false HLODRelevant:false ListedInSceneOutliner:true IsMainWorldOnly:false
 |   |   |- Guid:E0B3085C44F7D3F717F4FDA25A52B785 NativeClass:/Script/Foliage.InstancedFoliageActor Name:InstancedFoliageActor_25600_-1_-1_0 Label:InstancedFoliageActor_-1_-1_0 SpatiallyLoaded:true EditorBounds:IsValid=true, Min=(X=-25600.000 Y=-25600.000 Z=0.000), Max=(X=0.000 Y=0.000 Z=25600.000) RuntimeBounds:IsValid=true, Min=(X=-346.434 Y=-1707.142 Z=23.397), Max=(X=135.274 Y=63.576 Z=479.130) RuntimeGrid:None EditorOnly:false RuntimeOnly:false HLODRelevant:true ListedInSceneOutliner:true IsMainWorldOnly:false
 |   |   |- Guid:E1574D340F60387EAC882574296A1803 NativeClass:/Script/Engine.StaticMeshActor Name:StaticMeshActor_UAID_A4AE111137DC5EFB00_1110535423 Label:SM_SkySphere SpatiallyLoaded:false EditorBounds:IsValid=true, Min=(X=-1638400.000 Y=-1638400.000 Z=-1638400.000), Max=(X=1638400.000 Y=1638400.000 Z=1638400.000) RuntimeBounds:IsValid=true, Min=(X=-1638400.000 Y=-1638400.000 Z=-1638400.000), Max=(X=1638400.000 Y=1638400.000 Z=1638400.000) RuntimeGrid:None EditorOnly:false RuntimeOnly:false HLODRelevant:false ListedInSceneOutliner:true IsMainWorldOnly:false FolderPath:Lighting FolderGuid:963EC3EB4002CCE9759E2EBA541A873A
 |   |- [+] Clusters:
 |   |   |- [+] [  0]
 |   |   |   |- Guid:18F5606A157B3CC1A5AB1760F1BA8C2B NativeClass:/Script/Engine.WorldDataLayers Name:WorldDataLayers Label:WorldDataLayers SpatiallyLoaded:false EditorBounds:IsValid=false, Min=(X=0.000 Y=0.000 Z=0.000), Max=(X=0.000 Y=0.000 Z=0.000) RuntimeBounds:IsValid=false, Min=(X=0.000 Y=0.000 Z=0.000), Max=(X=0.000 Y=0.000 Z=0.000) RuntimeGrid:None EditorOnly:false RuntimeOnly:false HLODRelevant:false ListedInSceneOutliner:true IsMainWorldOnly:true
 |   |   |- [+] [  1]
 |   |   |   |- Guid:2C6D3909B80B34978B692A3BAD008A77 NativeClass:/Script/Engine.TextRenderActor Name:TextRenderActor_1 Label:TextRenderActor SpatiallyLoaded:true EditorBounds:IsValid=true, Min=(X=-128.100 Y=972.000 Z=12.013), Max=(X=127.900 Y=2392.308 Z=268.013) RuntimeBounds:IsValid=true, Min=(X=-0.100 Y=1100.000 Z=65.013), Max=(X=-0.100 Y=2392.308 Z=215.013) RuntimeGrid:None EditorOnly:false RuntimeOnly:false HLODRelevant:false ListedInSceneOutliner:true IsMainWorldOnly:false
 |   |   |- [+] [  2]
 |   |   |   |- Guid:341DCED6F01F3AE59C4975A5EA24F283 NativeClass:/Script/Engine.ExponentialHeightFog Name:ExponentialHeightFog_0 Label:ExponentialHeightFog SpatiallyLoaded:false EditorBounds:IsValid=true, Min=(X=-5728.000 Y=-178.000 Z=-6978.000), Max=(X=-5472.000 Y=78.000 Z=-6722.000) RuntimeBounds:IsValid=true, Min=(X=-5600.000 Y=-50.000 Z=-6850.000), Max=(X=-5600.000 Y=-50.000 Z=-6850.000) RuntimeGrid:None EditorOnly:false RuntimeOnly:false HLODRelevant:false ListedInSceneOutliner:true IsMainWorldOnly:false FolderPath:Lighting FolderGuid:963EC3EB4002CCE9759E2EBA541A873A
 |   |   |- [+] [  3]
 |   |   |   |- Guid:3696D87BA4263719880F9BA9E4B89CCE NativeClass:/Script/Engine.SkyAtmosphere Name:SkyAtmosphere_0 Label:SkyAtmosphere SpatiallyLoaded:false EditorBounds:IsValid=true, Min=(X=-128.000 Y=-128.000 Z=892.000), Max=(X=240.000 Y=128.000 Z=1148.000) RuntimeBounds:IsValid=true, Min=(X=0.000 Y=0.000 Z=1020.000), Max=(X=0.000 Y=0.000 Z=1020.000) RuntimeGrid:None EditorOnly:false RuntimeOnly:false HLODRelevant:false ListedInSceneOutliner:true IsMainWorldOnly:false FolderPath:Lighting FolderGuid:963EC3EB4002CCE9759E2EBA541A873A
 |   |   |- [+] [  4]
 |   |   |   |- Guid:37EC94BC42583FE8A549A6F1804D64EF BaseClass:/Game/Blueprints/BP_Companion.BP_Companion_C NativeClass:/Script/Engine.Character Name:BP_Companion_C_UAID_74563C09A88A6E5002_2007358335 Label:BP_Companion2 SpatiallyLoaded:true EditorBounds:IsValid=true, Min=(X=639.476 Y=745.000 Z=-0.142), Max=(X=1320.000 Y=905.000 Z=195.000) RuntimeBounds:IsValid=true, Min=(X=1046.000 Y=791.000 Z=-0.142), Max=(X=1117.583 Y=859.000 Z=195.000) RuntimeGrid:None EditorOnly:false RuntimeOnly:false HLODRelevant:false ListedInSceneOutliner:true IsMainWorldOnly:false
 |   |   |   |- Guid:5A5DCD9238E7385B99BB44B2FCBADB5C BaseClass:/Game/Blueprints/BP_Companion.BP_Companion_C NativeClass:/Script/Engine.Character Name:BP_Companion_C_UAID_74563C09A88A334E02_1554931843 Label:BP_Companion1 SpatiallyLoaded:true EditorBounds:IsValid=true, Min=(X=889.476 Y=490.000 Z=-1.196), Max=(X=1570.000 Y=650.000 Z=226.779) RuntimeBounds:IsValid=true, Min=(X=1276.771 Y=529.030 Z=-1.196), Max=(X=1383.846 Y=619.563 Z=226.779) RuntimeGrid:None EditorOnly:false RuntimeOnly:false HLODRelevant:false ListedInSceneOutliner:true IsMainWorldOnly:false
 |   |   |   |- Guid:775E925542152E992E7AB086D7F8CE73 NativeClass:/Script/Engine.TargetPoint Name:TargetPoint_UAID_74563C09A88A115102_1821985024 Label:CenterTargetPoint SpatiallyLoaded:true EditorBounds:IsValid=true, Min=(X=1372.000 Y=872.000 Z=-38.000), Max=(X=1628.000 Y=1128.000 Z=218.000) RuntimeBounds:IsValid=true, Min=(X=1500.000 Y=1000.000 Z=90.000), Max=(X=1500.000 Y=1000.000 Z=90.000) RuntimeGrid:None EditorOnly:false RuntimeOnly:false HLODRelevant:false ListedInSceneOutliner:true IsMainWorldOnly:false
 |   |   |   |- Guid:DD09A6DC127B3B00B8F968965730CF76 BaseClass:/Game/Blueprints/BP_Companion.BP_Companion_C NativeClass:/Script/Engine.Character Name:BP_Companion_C_UAID_74563C09A88A715002_1674103864 Label:BP_Companion0 SpatiallyLoaded:true EditorBounds:IsValid=true, Min=(X=809.476 Y=1370.000 Z=-3.076), Max=(X=1490.000 Y=1530.000 Z=240.529) RuntimeBounds:IsValid=true, Min=(X=1201.921 Y=1412.506 Z=-3.076), Max=(X=1305.231 Y=1495.881 Z=240.529) RuntimeGrid:None EditorOnly:false RuntimeOnly:false HLODRelevant:false ListedInSceneOutliner:true IsMainWorldOnly:false
 |   |   |- [+] [  5]
 |   |   |   |- Guid:606768234E0339A526F187A7E61B3C56 BaseClass:/Game/Blueprints/BP_Enemy.BP_Enemy_C NativeClass:/Script/Engine.Character Name:BP_Enemy_C_UAID_74563C09A88ACA6102_1292809483 Label:BP_Enemy3 SpatiallyLoaded:true EditorBounds:IsValid=true, Min=(X=1646.000 Y=1020.000 Z=-142.000), Max=(X=2479.476 Y=1570.000 Z=568.000) RuntimeBounds:IsValid=true, Min=(X=1646.000 Y=1020.000 Z=-142.000), Max=(X=1761.500 Y=1570.000 Z=568.000) RuntimeGrid:None EditorOnly:false RuntimeOnly:false HLODRelevant:false ListedInSceneOutliner:true IsMainWorldOnly:false
 |   |   |- [+] [  6]
 |   |   |   |- Guid:64A204A54CACE9D6520115B0C5F658E7 NativeClass:/Script/Foliage.InstancedFoliageActor Name:InstancedFoliageActor_25600_-1_0_0 Label:InstancedFoliageActor_-1_0_0 SpatiallyLoaded:true EditorBounds:IsValid=true, Min=(X=-25600.000 Y=0.000 Z=0.000), Max=(X=0.000 Y=25600.000 Z=25600.000) RuntimeBounds:IsValid=true, Min=(X=-367.596 Y=48.126 Z=21.338), Max=(X=114.330 Y=3909.881 Z=479.130) RuntimeGrid:None EditorOnly:false RuntimeOnly:false HLODRelevant:true ListedInSceneOutliner:true IsMainWorldOnly:false
 |   |   |- [+] [  7]
 |   |   |   |- Guid:6CF4CDDC40B3AD382B1C2DA63A427128 BaseClass:/Game/Blueprints/BP_Enemy.BP_Enemy_C NativeClass:/Script/Engine.Character Name:BP_Enemy_C_UAID_74563C09A88ACA6102_1291753482 Label:BP_Enemy2 SpatiallyLoaded:true EditorBounds:IsValid=true, Min=(X=1636.000 Y=570.000 Z=-142.000), Max=(X=2469.476 Y=1120.000 Z=568.000) RuntimeBounds:IsValid=true, Min=(X=1636.000 Y=570.000 Z=-142.000), Max=(X=1751.500 Y=1120.000 Z=568.000) RuntimeGrid:None EditorOnly:false RuntimeOnly:false HLODRelevant:false ListedInSceneOutliner:true IsMainWorldOnly:false
 |   |   |- [+] [  8]
 |   |   |   |- Guid:755085E8472BD85CA66CE68980F6398D NativeClass:/Script/Foliage.InstancedFoliageActor Name:InstancedFoliageActor_25600_0_-1_0 Label:InstancedFoliageActor_0_-1_0 SpatiallyLoaded:true EditorBounds:IsValid=true, Min=(X=0.000 Y=-25600.000 Z=0.000), Max=(X=25600.000 Y=0.000 Z=25600.000) RuntimeBounds:IsValid=true, Min=(X=-52.538 Y=-2036.337 Z=20.714), Max=(X=4930.977 Y=140.874 Z=628.434) RuntimeGrid:None EditorOnly:false RuntimeOnly:false HLODRelevant:true ListedInSceneOutliner:true IsMainWorldOnly:false
 |   |   |- [+] [  9]
 |   |   |   |- Guid:82A738E44FFFA33F70402BB7A7448BC5 NativeClass:/Script/Engine.PostProcessVolume Name:PostProcessVolume_UAID_74563C09A88A376D02_1754730279 Label:PostProcessVolume SpatiallyLoaded:false EditorBounds:IsValid=true, Min=(X=-110.000 Y=-920.000 Z=350.000), Max=(X=90.000 Y=-720.000 Z=550.000) RuntimeBounds:IsValid=true, Min=(X=-110.000 Y=-920.000 Z=350.000), Max=(X=90.000 Y=-720.000 Z=550.000) RuntimeGrid:None EditorOnly:false RuntimeOnly:false HLODRelevant:false ListedInSceneOutliner:true IsMainWorldOnly:false FolderPath:Lighting FolderGuid:963EC3EB4002CCE9759E2EBA541A873A
 |   |   |- [+] [ 10]
 |   |   |   |- Guid:99AEB1C0AB443F9FBC0D600987D3AB36 NativeClass:/Script/Engine.SkyLight Name:SkyLight_1 Label:SkyLight SpatiallyLoaded:false EditorBounds:IsValid=true, Min=(X=-1.000 Y=-1.000 Z=-1.000), Max=(X=1.000 Y=1.000 Z=690.000) RuntimeBounds:IsValid=true, Min=(X=0.000 Y=0.000 Z=690.000), Max=(X=0.000 Y=0.000 Z=690.000) RuntimeGrid:None EditorOnly:false RuntimeOnly:false HLODRelevant:false ListedInSceneOutliner:true IsMainWorldOnly:false FolderPath:Lighting FolderGuid:963EC3EB4002CCE9759E2EBA541A873A
 |   |   |- [+] [ 11]
 |   |   |   |- Guid:A17341E71ECA3DA9A8F0BAE616BA66EA NativeClass:/Script/Engine.VolumetricCloud Name:VolumetricCloud_0 Label:VolumetricCloud SpatiallyLoaded:false EditorBounds:IsValid=true, Min=(X=-128.000 Y=-128.000 Z=692.000), Max=(X=128.000 Y=128.000 Z=948.000) RuntimeBounds:IsValid=true, Min=(X=0.000 Y=0.000 Z=820.000), Max=(X=0.000 Y=0.000 Z=820.000) RuntimeGrid:None EditorOnly:false RuntimeOnly:false HLODRelevant:false ListedInSceneOutliner:true IsMainWorldOnly:false FolderPath:Lighting FolderGuid:963EC3EB4002CCE9759E2EBA541A873A
 |   |   |- [+] [ 12]
 |   |   |   |- Guid:A8B16B86F5063B9DBB7D1B19D555CE79 NativeClass:/Script/Engine.StaticMeshActor Name:StaticMeshActor_1 Label:SM_Cube SpatiallyLoaded:true EditorBounds:IsValid=true, Min=(X=-260.000 Y=-1870.000 Z=-50.000), Max=(X=4797.150 Y=4030.000 Z=20.714) RuntimeBounds:IsValid=true, Min=(X=-260.000 Y=-1870.000 Z=-50.000), Max=(X=4797.150 Y=4030.000 Z=20.714) RuntimeGrid:None EditorOnly:false RuntimeOnly:false HLODRelevant:true ListedInSceneOutliner:true IsMainWorldOnly:false FolderPath:Playground FolderGuid:C73F09FC4215536B1DCE2A9E0A830C70
 |   |   |- [+] [ 13]
 |   |   |   |- Guid:AFD6F78B6D223A029A18C247E82DC5D6 NativeClass:/Script/Engine.DirectionalLight Name:DirectionalLight_0 Label:DirectionalLight SpatiallyLoaded:false EditorBounds:IsValid=false, Min=(X=0.000 Y=0.000 Z=0.000), Max=(X=0.000 Y=0.000 Z=0.000) RuntimeBounds:IsValid=false, Min=(X=0.000 Y=0.000 Z=0.000), Max=(X=0.000 Y=0.000 Z=0.000) RuntimeGrid:None EditorOnly:false RuntimeOnly:false HLODRelevant:false ListedInSceneOutliner:true IsMainWorldOnly:false FolderPath:Lighting FolderGuid:963EC3EB4002CCE9759E2EBA541A873A
 |   |   |- [+] [ 14]
 |   |   |   |- Guid:C468C394D2623CFD9447F6C0625BD03D NativeClass:/Script/NavigationSystem.RecastNavMesh Name:RecastNavMesh_UAID_74563C09A88A304E02-Default Label:RecastNavMesh-Default SpatiallyLoaded:false EditorBounds:IsValid=true, Min=(X=0.000 Y=0.000 Z=0.000), Max=(X=0.000 Y=0.000 Z=0.000) RuntimeBounds:IsValid=true, Min=(X=0.000 Y=0.000 Z=0.000), Max=(X=0.000 Y=0.000 Z=0.000) RuntimeGrid:None EditorOnly:false RuntimeOnly:false HLODRelevant:false ListedInSceneOutliner:true IsMainWorldOnly:false
 |   |   |- [+] [ 15]
 |   |   |   |- Guid:C4B58983F9EE3471BCDAAFFEFD134355 NativeClass:/Script/Engine.PlayerStart Name:PlayerStart_0 Label:PlayerStart SpatiallyLoaded:false EditorBounds:IsValid=true, Min=(X=902.000 Y=1037.000 Z=-28.000), Max=(X=1270.000 Y=1293.000 Z=228.000) RuntimeBounds:IsValid=true, Min=(X=990.000 Y=1125.000 Z=8.000), Max=(X=1070.000 Y=1205.000 Z=192.000) RuntimeGrid:None EditorOnly:false RuntimeOnly:false HLODRelevant:false ListedInSceneOutliner:true IsMainWorldOnly:false
 |   |   |- [+] [ 16]
 |   |   |   |- Guid:C6BC68AC4D7923BDC69782A3B1BFD6E0 BaseClass:/Game/Blueprints/BP_Enemy.BP_Enemy_C NativeClass:/Script/Engine.Character Name:BP_Enemy_C_UAID_74563C09A88AC96102_1180777303 Label:BP_Enemy SpatiallyLoaded:true EditorBounds:IsValid=true, Min=(X=1626.000 Y=790.000 Z=-142.000), Max=(X=2459.476 Y=1340.000 Z=568.000) RuntimeBounds:IsValid=true, Min=(X=1626.000 Y=790.000 Z=-142.000), Max=(X=1741.500 Y=1340.000 Z=568.000) RuntimeGrid:None EditorOnly:false RuntimeOnly:false HLODRelevant:false ListedInSceneOutliner:true IsMainWorldOnly:false
 |   |   |- [+] [ 17]
 |   |   |   |- Guid:D146EA4D4EAEFA7E08891CA2A6B5370C NativeClass:/Script/Foliage.InstancedFoliageActor Name:InstancedFoliageActor_25600_0_0_0 Label:InstancedFoliageActor_0_0_0 SpatiallyLoaded:true EditorBounds:IsValid=true, Min=(X=0.000 Y=0.000 Z=0.000), Max=(X=25600.000 Y=25600.000 Z=25600.000) RuntimeBounds:IsValid=true, Min=(X=-67.250 Y=-113.326 Z=20.714), Max=(X=5039.757 Y=4215.377 Z=651.612) RuntimeGrid:None EditorOnly:false RuntimeOnly:false HLODRelevant:true ListedInSceneOutliner:true IsMainWorldOnly:false
 |   |   |- [+] [ 18]
 |   |   |   |- Guid:DA05798A465D689C1FA47AA91156164C NativeClass:/Script/CinematicCamera.CineCameraActor Name:CineCameraActor_UAID_74563C09A88A705602_1690793023 Label:kamera SpatiallyLoaded:false EditorBounds:IsValid=true, Min=(X=-970.000 Y=-20.000 Z=-640.000), Max=(X=1050.000 Y=2000.000 Z=1380.000) RuntimeBounds:IsValid=true, Min=(X=40.000 Y=990.000 Z=370.000), Max=(X=40.000 Y=990.000 Z=370.000) RuntimeGrid:None EditorOnly:false RuntimeOnly:false HLODRelevant:false ListedInSceneOutliner:true IsMainWorldOnly:false
 |   |   |- [+] [ 19]
 |   |   |   |- Guid:DA79EE7FE5DD3F08ABAF216677C5E713 NativeClass:/Script/NavigationSystem.NavMeshBoundsVolume Name:NavMeshBoundsVolume_UAID_74563C09A88A304E02_1636156312 Label:NavMeshBoundsVolume SpatiallyLoaded:false EditorBounds:IsValid=true, Min=(X=-100.000 Y=-30.000 Z=-90.000), Max=(X=3100.000 Y=3570.000 Z=10.000) RuntimeBounds:IsValid=true, Min=(X=-100.000 Y=-30.000 Z=-90.000), Max=(X=3100.000 Y=3570.000 Z=10.000) RuntimeGrid:None EditorOnly:false RuntimeOnly:false HLODRelevant:false ListedInSceneOutliner:true IsMainWorldOnly:false
 |   |   |- [+] [ 20]
 |   |   |   |- Guid:E0B3085C44F7D3F717F4FDA25A52B785 NativeClass:/Script/Foliage.InstancedFoliageActor Name:InstancedFoliageActor_25600_-1_-1_0 Label:InstancedFoliageActor_-1_-1_0 SpatiallyLoaded:true EditorBounds:IsValid=true, Min=(X=-25600.000 Y=-25600.000 Z=0.000), Max=(X=0.000 Y=0.000 Z=25600.000) RuntimeBounds:IsValid=true, Min=(X=-346.434 Y=-1707.142 Z=23.397), Max=(X=135.274 Y=63.576 Z=479.130) RuntimeGrid:None EditorOnly:false RuntimeOnly:false HLODRelevant:true ListedInSceneOutliner:true IsMainWorldOnly:false
 |   |   |- [+] [ 21]
 |   |   |   |- Guid:E1574D340F60387EAC882574296A1803 NativeClass:/Script/Engine.StaticMeshActor Name:StaticMeshActor_UAID_A4AE111137DC5EFB00_1110535423 Label:SM_SkySphere SpatiallyLoaded:false EditorBounds:IsValid=true, Min=(X=-1638400.000 Y=-1638400.000 Z=-1638400.000), Max=(X=1638400.000 Y=1638400.000 Z=1638400.000) RuntimeBounds:IsValid=true, Min=(X=-1638400.000 Y=-1638400.000 Z=-1638400.000), Max=(X=1638400.000 Y=1638400.000 Z=1638400.000) RuntimeGrid:None EditorOnly:false RuntimeOnly:false HLODRelevant:false ListedInSceneOutliner:true IsMainWorldOnly:false FolderPath:Lighting FolderGuid:963EC3EB4002CCE9759E2EBA541A873A
 |- ContainerInstances:
 |- [+] MainContainer:
 |   |-        ID: 00000000000000000000000000000000
 |   |-  ParentID: 00000000000000000000000000000000
 |   |-    Bounds: IsValid=false, Min=(X=0.000 Y=0.000 Z=0.000), Max=(X=0.000 Y=0.000 Z=0.000)
 |   |- Transform: 0.000000,0.000000,0.000000|0.000000,0.000000,-0.000000|1.000000,1.000000,1.000000
 |   |- Container: /Game/Battle_Level
----------------------------------------------------------------------------------------------------------------
Battle_Level - Persistent Level
----------------------------------------------------------------------------------------------------------------
[+] Content of Battle_Level Persistent Level
 |- Always loaded Actor Count: 25 
 |- Actor Path: /Game/UEDPIE_0_Battle_Level.Battle_Level:PersistentLevel.BP_Companion_C_UAID_74563C09A88A334E02_1554931843
 |- Actor Package: /Game/UEDPIE_0_Battle_Level_InstanceOf_/Game/__ExternalActors__/Battle_Level/4/LV/8SYSS2MB2N68DFVIA3X9TK
 |- Actor Path: /Game/UEDPIE_0_Battle_Level.Battle_Level:PersistentLevel.BP_Companion_C_UAID_74563C09A88A6E5002_2007358335
 |- Actor Package: /Game/UEDPIE_0_Battle_Level_InstanceOf_/Game/__ExternalActors__/Battle_Level/9/OZ/KUHZFAEYAIJ7ZE3Q83YP5U
 |- Actor Path: /Game/UEDPIE_0_Battle_Level.Battle_Level:PersistentLevel.BP_Companion_C_UAID_74563C09A88A715002_1674103864
 |- Actor Package: /Game/UEDPIE_0_Battle_Level_InstanceOf_/Game/__ExternalActors__/Battle_Level/A/FG/39XAI2JHCO6LHB19BWGIMH
 |- Actor Path: /Game/UEDPIE_0_Battle_Level.Battle_Level:PersistentLevel.BP_Enemy_C_UAID_74563C09A88AC96102_1180777303
 |- Actor Package: /Game/UEDPIE_0_Battle_Level_InstanceOf_/Game/__ExternalActors__/Battle_Level/3/VS/HG0EAREBT036JPP3U7VI3C
 |- Actor Path: /Game/UEDPIE_0_Battle_Level.Battle_Level:PersistentLevel.BP_Enemy_C_UAID_74563C09A88ACA6102_1291753482
 |- Actor Package: /Game/UEDPIE_0_Battle_Level_InstanceOf_/Game/__ExternalActors__/Battle_Level/F/38/3EUVQ0S9K4CYAXYAHP7LDH
 |- Actor Path: /Game/UEDPIE_0_Battle_Level.Battle_Level:PersistentLevel.BP_Enemy_C_UAID_74563C09A88ACA6102_1292809483
 |- Actor Package: /Game/UEDPIE_0_Battle_Level_InstanceOf_/Game/__ExternalActors__/Battle_Level/8/F9/BK74KWRDRDQ4X9IY4RVJ9X
 |- Actor Path: /Game/UEDPIE_0_Battle_Level.Battle_Level:PersistentLevel.CineCameraActor_UAID_74563C09A88A705602_1690793023
 |- Actor Package: /Game/UEDPIE_0_Battle_Level_InstanceOf_/Game/__ExternalActors__/Battle_Level/0/6L/SHH2SSQVX10GH3LTHNDZQH
 |- Actor Path: /Game/UEDPIE_0_Battle_Level.Battle_Level:PersistentLevel.DirectionalLight_0
 |- Actor Package: /Game/UEDPIE_0_Battle_Level_InstanceOf_/Game/__ExternalActors__/Battle_Level/2/93/BE8OM9T4KQMY2KGLYZSW6L
 |- Actor Path: /Game/UEDPIE_0_Battle_Level.Battle_Level:PersistentLevel.ExponentialHeightFog_0
 |- Actor Package: /Game/UEDPIE_0_Battle_Level_InstanceOf_/Game/__ExternalActors__/Battle_Level/6/PD/5I0YDH3HEB02IY6PALY4GY
 |- Actor Path: /Game/UEDPIE_0_Battle_Level.Battle_Level:PersistentLevel.InstancedFoliageActor_25600_-1_-1_0
 |- Actor Package: /Game/UEDPIE_0_Battle_Level_InstanceOf_/Game/__ExternalActors__/Battle_Level/B/ZN/T0U58SZZN6B0ONELLNBZSM
 |- Actor Path: /Game/UEDPIE_0_Battle_Level.Battle_Level:PersistentLevel.InstancedFoliageActor_25600_-1_0_0
 |- Actor Package: /Game/UEDPIE_0_Battle_Level_InstanceOf_/Game/__ExternalActors__/Battle_Level/1/KY/AK9GAJCFZ4KORD04UH5M4O
 |- Actor Path: /Game/UEDPIE_0_Battle_Level.Battle_Level:PersistentLevel.InstancedFoliageActor_25600_0_-1_0
 |- Actor Package: /Game/UEDPIE_0_Battle_Level_InstanceOf_/Game/__ExternalActors__/Battle_Level/B/RD/J7LS2DW20OHW63ECYZKYPK
 |- Actor Path: /Game/UEDPIE_0_Battle_Level.Battle_Level:PersistentLevel.InstancedFoliageActor_25600_0_0_0
 |- Actor Package: /Game/UEDPIE_0_Battle_Level_InstanceOf_/Game/__ExternalActors__/Battle_Level/4/7O/K3NP8YW7355IZF1I7GAFUY
 |- Actor Path: /Game/UEDPIE_0_Battle_Level.Battle_Level:PersistentLevel.NavMeshBoundsVolume_UAID_74563C09A88A304E02_1636156312
 |- Actor Package: /Game/UEDPIE_0_Battle_Level_InstanceOf_/Game/__ExternalActors__/Battle_Level/7/QM/LWE8OO35QEP6R2E2IBGCMY
 |- Actor Path: /Game/UEDPIE_0_Battle_Level.Battle_Level:PersistentLevel.PlayerStart_0
 |- Actor Package: /Game/UEDPIE_0_Battle_Level_InstanceOf_/Game/__ExternalActors__/Battle_Level/A/3P/QQ88RB5DEIV491V6NVB6VD
 |- Actor Path: /Game/UEDPIE_0_Battle_Level.Battle_Level:PersistentLevel.PostProcessVolume_UAID_74563C09A88A376D02_1754730279
 |- Actor Package: /Game/UEDPIE_0_Battle_Level_InstanceOf_/Game/__ExternalActors__/Battle_Level/3/BS/T717PPHG96XBBPNYFZE4P4
 |- Actor Path: /Game/UEDPIE_0_Battle_Level.Battle_Level:PersistentLevel.RecastNavMesh_UAID_74563C09A88A304E02-Default
 |- Actor Package: /Game/UEDPIE_0_Battle_Level_InstanceOf_/Game/__ExternalActors__/Battle_Level/2/BS/5ERKLIFYLHJ47AJNLE5M01
 |- Actor Path: /Game/UEDPIE_0_Battle_Level.Battle_Level:PersistentLevel.SkyAtmosphere_0
 |- Actor Package: /Game/UEDPIE_0_Battle_Level_InstanceOf_/Game/__ExternalActors__/Battle_Level/9/4V/NO7LJGVP8RDMOI0KSO3LPO
 |- Actor Path: /Game/UEDPIE_0_Battle_Level.Battle_Level:PersistentLevel.SkyLight_1
 |- Actor Package: /Game/UEDPIE_0_Battle_Level_InstanceOf_/Game/__ExternalActors__/Battle_Level/E/64/8QYGSF15E8HXC67BLIQDHJ
 |- Actor Path: /Game/UEDPIE_0_Battle_Level.Battle_Level:PersistentLevel.StaticMeshActor_1
 |- Actor Package: /Game/UEDPIE_0_Battle_Level_InstanceOf_/Game/__ExternalActors__/Battle_Level/2/VL/PSOOVQBCTJ06LUN5V4GRSQ
 |- Actor Path: /Game/UEDPIE_0_Battle_Level.Battle_Level:PersistentLevel.StaticMeshActor_UAID_A4AE111137DC5EFB00_1110535423
 |- Actor Package: /Game/UEDPIE_0_Battle_Level_InstanceOf_/Game/__ExternalActors__/Battle_Level/2/NN/9HWXIWETOOGMPMZFI5UDJM
 |- Actor Path: /Game/UEDPIE_0_Battle_Level.Battle_Level:PersistentLevel.TargetPoint_UAID_74563C09A88A115102_1821985024
 |- Actor Package: /Game/UEDPIE_0_Battle_Level_InstanceOf_/Game/__ExternalActors__/Battle_Level/8/MZ/K207LUTH0DCTSJGKPPAJ44
 |- Actor Path: /Game/UEDPIE_0_Battle_Level.Battle_Level:PersistentLevel.TextRenderActor_1
 |- Actor Package: /Game/UEDPIE_0_Battle_Level_InstanceOf_/Game/__ExternalActors__/Battle_Level/D/ZF/77G60HU4I89XTS29383IN3
 |- Actor Path: /Game/UEDPIE_0_Battle_Level.Battle_Level:PersistentLevel.VolumetricCloud_0
 |- Actor Package: /Game/UEDPIE_0_Battle_Level_InstanceOf_/Game/__ExternalActors__/Battle_Level/C/VI/ZV20S1QZOCFJR9TCLMM58Z
 |- Actor Path: /Game/UEDPIE_0_Battle_Level.Battle_Level:PersistentLevel.WorldDataLayers
 |- Actor Package: /Game/__ExternalActors__/Battle_Level/C/4I/Y4J6PPWRC7ANYLR8KAVYDH

----------------------------------------------------------------------------------------------------------------
Battle_Level - Runtime Hash Set
----------------------------------------------------------------------------------------------------------------

